// Jest Snapshot v1, https://goo.gl/fbAQLP

exports[`NotFound renders without crashing 1`] = `
<DocumentFragment>
  <div
    class="not-found"
  >
    <h1
      class="app__title text-center"
    >
      Page Not Found
    </h1>
    <a
      class="btn btn-primary mt-4"
      href="/"
    >
      Back to Pokemon List
    </a>
  </div>
</DocumentFragment>
`;
