// Jest Snapshot v1, https://goo.gl/fbAQLP

exports[`NotFound renders without crashing 1`] = `
<DocumentFragment>
  <div
    class="not-found"
  >
    <h1
      class="app__title text-center py-3"
    >
      Page Not Found
    </h1>
    <div
      class="jumbotron text-center"
    >
      <a
        class="btn btn-primary mt-0"
        href="/"
      >
        Back to Pokemon List
      </a>
    </div>
  </div>
</DocumentFragment>
`;
